// Jest Snapshot v1, https://goo.gl/fbAQLP

exports[`HomeScreen component tests should show HomeScreen Component 1`] = `
<div>
  <h1>
    Home Screen
  </h1>
  <hr />
  <pre>
    {
   "id": 123,
   "name": "Daniel",
   "username": "damtrax"
}
  </pre>
</div>
`;
