// Jest Snapshot v1, https://goo.gl/fbAQLP

exports[`LoginScreen component tests should show component 1`] = `
<div>
  <h1>
    Login Screen
  </h1>
  <hr />
  <button
    className="btn btn-outline-primary"
    onClick={[Function]}
  >
    SetUser
  </button>
</div>
`;
