// Jest Snapshot v1, https://goo.gl/fbAQLP

exports[`RealExampleRef component tests should show component 1`] = `
<div>
  <h1>
    RealExampleRef!
  </h1>
  <hr />
  <button
    className="btn btn-outline-primary mb-3"
    onClick={[Function]}
  >
    Toggle
  </button>
</div>
`;
